current directory: /home/user_ayasong0/private/Essential-Oil-app/vendor/bundle/ruby/3.2.0/gems/date-3.5.1/ext/date
/home/user_ayasong0/.rbenv/versions/3.2.3/bin/ruby extconf.rb
checking for rb_category_warn()... yes
checking for timezone in time.h with  -Werror... yes
checking for altzone in time.h with  -Werror... no
creating Makefile

current directory: /home/user_ayasong0/private/Essential-Oil-app/vendor/bundle/ruby/3.2.0/gems/date-3.5.1/ext/date
make DESTDIR\= sitearchdir\=./.gem.20260222-97462-5aj1lj sitelibdir\=./.gem.20260222-97462-5aj1lj clean

current directory: /home/user_ayasong0/private/Essential-Oil-app/vendor/bundle/ruby/3.2.0/gems/date-3.5.1/ext/date
make DESTDIR\= sitearchdir\=./.gem.20260222-97462-5aj1lj sitelibdir\=./.gem.20260222-97462-5aj1lj
compiling date_core.c
compiling date_parse.c
compiling date_strftime.c
compiling date_strptime.c
linking shared-object date_core.so

current directory: /home/user_ayasong0/private/Essential-Oil-app/vendor/bundle/ruby/3.2.0/gems/date-3.5.1/ext/date
make DESTDIR\= sitearchdir\=./.gem.20260222-97462-5aj1lj sitelibdir\=./.gem.20260222-97462-5aj1lj install
/usr/bin/install -c -m 0755 date_core.so ./.gem.20260222-97462-5aj1lj

current directory: /home/user_ayasong0/private/Essential-Oil-app/vendor/bundle/ruby/3.2.0/gems/date-3.5.1/ext/date
make DESTDIR\= sitearchdir\=./.gem.20260222-97462-5aj1lj sitelibdir\=./.gem.20260222-97462-5aj1lj clean
